=== job 2305 on argon01 at Tue Sep 22 11:51:37 AM PKT 2026 ===
NVIDIA GeForce RTX 4090, 24564 MiB
torch 2.5.1 cuda True
sklearn 1.8.0 numpy 2.5.3
=== staging dataset ===
staged 130 measurement files
PROJECT_ENV=atlas
  DATA_DIR     /scratch/gmustafa/se801/zenodo
  WORK_DIR     /scratch/gmustafa/se801/work
  ARTIFACT_DIR /data/gmustafa/se801/artifacts
  DATA_DIR exists: True
  current  src/common/config.py
  current  src/common/generate_manifest.py
  current  src/common/preprocess_iq.py
  current  src/common/corruption.py
  current  src/s1_physics/feature_extractor.py
  current  src/s1_physics/feature_transforms.py
  current  src/s1_physics/validate_features.py
  current  src/s1_physics/zero_doppler_sweep.py
  current  src/s1_physics/train_classical.py
  current  src/s1_physics/train_mlp.py
  current  src/s1_physics/analyze_results.py
  current  src/s1_physics/compare_models.py
  current  src/s1_physics/run_robustness.py
  current  src/s1_physics/run_ablations.py
  current  src/s1_physics/llm_verify.py
  current  src/s1_physics/llm_experiment.py
  current  src/s1_physics/test_llm_verify.py

17 current, 0 stale, 0 absent
fold_manifest.csv sha256: fbece6fb30a8d9e8468cac2ba89748d298d0b8debe54402ffc278302ad8fb7a6
=== preprocessing and features ===
PROJECT_ENV=atlas
  DATA_DIR     /scratch/gmustafa/se801/zenodo
  WORK_DIR     /scratch/gmustafa/se801/work
  ARTIFACT_DIR /data/gmustafa/se801/artifacts 

  12140/75868 segments
  21644/75868 segments
  31797/75868 segments
  40575/75868 segments
  50830/75868 segments
  60289/75868 segments
  70836/75868 segments

Wrote processed_linear_power.dat  shape=(75868, 5, 256)
  min 1.671e-07  max 443.7  mean 1
  sanity: nonnegative and finite
PROJECT_ENV=atlas
  DATA_DIR     /scratch/gmustafa/se801/zenodo
  WORK_DIR     /scratch/gmustafa/se801/work
  ARTIFACT_DIR /data/gmustafa/se801/artifacts 

  raw_iq_measurement_000.npy: 1228 segments
  raw_iq_measurement_001.npy: 1254 segments
  raw_iq_measurement_002.npy: 1349 segments
  raw_iq_measurement_003.npy: 809 segments
  raw_iq_measurement_004.npy: 322 segments
  raw_iq_measurement_005.npy: 317 segments
  raw_iq_measurement_006.npy: 393 segments
  raw_iq_measurement_007.npy: 1249 segments
  raw_iq_measurement_008.npy: 179 segments
  raw_iq_measurement_009.npy: 98 segments
  raw_iq_measurement_010.npy: 99 segments
  raw_iq_measurement_011.npy: 2414 segments
  raw_iq_measurement_012.npy: 2429 segments
  raw_iq_measurement_013.npy: 2423 segments
  raw_iq_measurement_014.npy: 1734 segments
  raw_iq_measurement_015.npy: 111 segments
  raw_iq_measurement_016.npy: 68 segments
  raw_iq_measurement_017.npy: 2699 segments
  raw_iq_measurement_018.npy: 2469 segments
  raw_iq_measurement_019.npy: 1405 segments
  raw_iq_measurement_020.npy: 3639 segments
  raw_iq_measurement_021.npy: 2759 segments
  raw_iq_measurement_022.npy: 2350 segments
  raw_iq_measurement_023.npy: 2669 segments
  raw_iq_measurement_024.npy: 957 segments
  raw_iq_measurement_025.npy: 2562 segments
  raw_iq_measurement_026.npy: 2590 segments
  raw_iq_measurement_027.npy: 2751 segments
  raw_iq_measurement_028.npy: 4190 segments
  raw_iq_measurement_029.npy: 364 segments
  raw_iq_measurement_030.npy: 518 segments
  raw_iq_measurement_031.npy: 272 segments
  raw_iq_measurement_032.npy: 557 segments
  raw_iq_measurement_033.npy: 157 segments
  raw_iq_measurement_034.npy: 587 segments
  raw_iq_measurement_035.npy: 859 segments
  raw_iq_measurement_036.npy: 444 segments
  raw_iq_measurement_037.npy: 917 segments
  raw_iq_measurement_038.npy: 2053 segments
  raw_iq_measurement_039.npy: 944 segments
  raw_iq_measurement_040.npy: 606 segments
  raw_iq_measurement_041.npy: 439 segments
  raw_iq_measurement_042.npy: 1309 segments
  raw_iq_measurement_043.npy: 1226 segments
  raw_iq_measurement_044.npy: 93 segments
  raw_iq_measurement_045.npy: 97 segments
  raw_iq_measurement_046.npy: 304 segments
  raw_iq_measurement_047.npy: 1027 segments
  raw_iq_measurement_048.npy: 357 segments
  raw_iq_measurement_049.npy: 972 segments
  raw_iq_measurement_050.npy: 420 segments
  raw_iq_measurement_051.npy: 1044 segments
  raw_iq_measurement_052.npy: 329 segments
  raw_iq_measurement_053.npy: 992 segments
  raw_iq_measurement_054.npy: 393 segments
  raw_iq_measurement_055.npy: 35 segments
  raw_iq_measurement_056.npy: 145 segments
  raw_iq_measurement_057.npy: 72 segments
  raw_iq_measurement_058.npy: 39 segments
  raw_iq_measurement_059.npy: 63 segments
  raw_iq_measurement_060.npy: 33 segments
  raw_iq_measurement_061.npy: 49 segments
  raw_iq_measurement_062.npy: 41 segments
  raw_iq_measurement_063.npy: 132 segments
  raw_iq_measurement_064.npy: 51 segments
  raw_iq_measurement_065.npy: 39 segments
  raw_iq_measurement_066.npy: 188 segments
  raw_iq_measurement_067.npy: 32 segments
  raw_iq_measurement_068.npy: 19 segments
  raw_iq_measurement_069.npy: 89 segments
  raw_iq_measurement_070.npy: 54 segments
  raw_iq_measurement_071.npy: 126 segments
  raw_iq_measurement_072.npy: 30 segments
  raw_iq_measurement_073.npy: 87 segments
  raw_iq_measurement_074.npy: 78 segments
  raw_iq_measurement_075.npy: 113 segments
  raw_iq_measurement_076.npy: 112 segments
  raw_iq_measurement_077.npy: 50 segments
  raw_iq_measurement_078.npy: 300 segments
  raw_iq_measurement_079.npy: 29 segments
  raw_iq_measurement_080.npy: 90 segments
  raw_iq_measurement_081.npy: 23 segments
  raw_iq_measurement_082.npy: 50 segments
  raw_iq_measurement_083.npy: 15 segments
  raw_iq_measurement_084.npy: 28 segments
  raw_iq_measurement_085.npy: 90 segments
  raw_iq_measurement_086.npy: 43 segments
  raw_iq_measurement_087.npy: 80 segments
  raw_iq_measurement_088.npy: 33 segments
  raw_iq_measurement_089.npy: 100 segments
  raw_iq_measurement_090.npy: 43 segments
  raw_iq_measurement_091.npy: 234 segments
  raw_iq_measurement_092.npy: 15 segments
  raw_iq_measurement_093.npy: 184 segments
  raw_iq_measurement_094.npy: 7 segments
  raw_iq_measurement_095.npy: 650 segments
  raw_iq_measurement_096.npy: 73 segments
  raw_iq_measurement_097.npy: 45 segments
  raw_iq_measurement_098.npy: 33 segments
  raw_iq_measurement_099.npy: 1008 segments
  raw_iq_measurement_100.npy: 289 segments
  raw_iq_measurement_101.npy: 901 segments
  raw_iq_measurement_102.npy: 126 segments
  raw_iq_measurement_103.npy: 168 segments
  raw_iq_measurement_104.npy: 934 segments
  raw_iq_measurement_105.npy: 137 segments
  raw_iq_measurement_106.npy: 125 segments
  raw_iq_measurement_107.npy: 52 segments
  raw_iq_measurement_108.npy: 63 segments
  raw_iq_measurement_109.npy: 68 segments
  raw_iq_measurement_110.npy: 79 segments
  raw_iq_measurement_111.npy: 289 segments
  raw_iq_measurement_112.npy: 95 segments
  raw_iq_measurement_113.npy: 93 segments
  raw_iq_measurement_114.npy: 93 segments
  raw_iq_measurement_115.npy: 97 segments
  raw_iq_measurement_116.npy: 93 segments
  raw_iq_measurement_117.npy: 98 segments
  raw_iq_measurement_118.npy: 95 segments
  raw_iq_measurement_119.npy: 93 segments
  raw_iq_measurement_120.npy: 93 segments
  raw_iq_measurement_121.npy: 118 segments
  raw_iq_measurement_122.npy: 298 segments
  raw_iq_measurement_123.npy: 302 segments
  raw_iq_measurement_124.npy: 306 segments
  raw_iq_measurement_125.npy: 293 segments
  raw_iq_measurement_126.npy: 183 segments
  raw_iq_measurement_127.npy: 171 segments
  raw_iq_measurement_128.npy: 167 segments
  raw_iq_measurement_129.npy: 303 segments

Wrote s1_features.csv: 75868 rows, 10 features
  NaN cells: 0
PROJECT_ENV=atlas
  DATA_DIR     /scratch/gmustafa/se801/zenodo
  WORK_DIR     /scratch/gmustafa/se801/work
  ARTIFACT_DIR /data/gmustafa/se801/artifacts 

Loaded 75868 segments across 130 measurements

=== CHECKPOINT 1: numerical integrity ===
  PASS  all ten descriptors present
  PASS  no NaN values
  PASS  no infinite values

=== CHECKPOINT 2: physics bounds and the reflector gate ===
  PASS  zero_doppler_ratio within [0, 1]
  PASS  side_lobe_energy_ratio within [0, 1]
  PASS  spectral_entropy within [0, 1]
  PASS  side_lobe_entropy within [0, 1]
  PASS  temporal_entropy within [0, 1]
  PASS  doppler_spread nonnegative and within the normalised axis
        zero_doppler_ratio medians: drone 0.848, bird 0.073, human 0.068, reflector 1.000
  PASS  reflector zero-Doppler ratio 1.000 >= 0.9
  PASS  reflector ranks above every moving class (next highest 0.848)
  WARN  margin over the nearest moving class (drone) is only 0.152. At halfwidth 0.075 the band counts everything under +/-1.24 m/s as stationary, so this is expected if drone targets are near-stationary. Check which class it is before dismissing it.
  PASS  reflectors have the narrowest Doppler spread

=== CHECKPOINT 3: redundancy and separation ===
  WARN  4 feature pair(s) above |r| = 0.90 (candidates to drop for the five-feature subset):
          temporal_energy_variance / temporal_entropy: 0.968
          spectral_entropy / side_lobe_energy_ratio: 0.944
          doppler_bandwidth_80 / doppler_spread: 0.920
          doppler_spread / spectral_entropy: 0.909
  PASS  zero-Doppler and side-lobe ratios are independent (r = -0.439)
  PASS  every feature varies across the dataset
  PASS  wrote feature_correlation.png and feature_distributions.png

GATE PASSED
=== classical models, latency on this node ===
PROJECT_ENV=atlas
  DATA_DIR     /scratch/gmustafa/se801/zenodo
  WORK_DIR     /scratch/gmustafa/se801/work
  ARTIFACT_DIR /data/gmustafa/se801/artifacts 

Excluded 67 field-of-view-edge segments (75868 -> 75801)
75801 segments | 10 features (full) | signed-log on | n_jobs 16 | latency measured
class balance: drone 77.5%, bird 10.2%, human 8.0%, reflector 4.3%

Majority-class baseline macro-F1: 0.2183 +/- 0.0007  (beat this or report nothing)

==================================================================
RBF-SVM: 9 configs, 225 inner fits + 5 final
==================================================================
  fold 0: inner 0m 53s | final 0m 51s | best {'C': 100, 'gamma': 'scale'}
          inner F1 0.8545 | TEST F1 0.8306 | latency 0.388 ms | elapsed 1m 48s, est. remaining 7m 13s
  fold 1: inner 0m 55s | final 0m 55s | best {'C': 100, 'gamma': 'scale'}
          inner F1 0.8332 | TEST F1 0.8822 | latency 0.387 ms | elapsed 3m 43s, est. remaining 5m 34s
  fold 2: inner 0m 56s | final 0m 56s | best {'C': 100, 'gamma': 'scale'}
          inner F1 0.8673 | TEST F1 0.9036 | latency 0.392 ms | elapsed 5m 39s, est. remaining 3m 46s
  fold 3: inner 0m 53s | final 0m 54s | best {'C': 100, 'gamma': 'scale'}
          inner F1 0.8598 | TEST F1 0.8904 | latency 0.390 ms | elapsed 7m 30s, est. remaining 1m 53s
  fold 4: inner 0m 49s | final 0m 46s | best {'C': 100, 'gamma': 'scale'}
          inner F1 0.8571 | TEST F1 0.8786 | latency 0.382 ms | elapsed 9m 09s, est. remaining 0m 00s
  wrote oof_predictions_svm.csv (75801 rows) and 5 model files
  RBF-SVM: macro-F1 0.8771 +/- 0.0248  |  total 9m 10s (inner 4m 26s)

==================================================================
Random Forest: 6 configs, 150 inner fits + 5 final
==================================================================
  fold 0: inner 2m 11s | final 0m 59s | best {'max_depth': None, 'min_samples_leaf': 3}
          inner F1 0.8376 | TEST F1 0.7608 | latency 10.235 ms | elapsed 4m 10s, est. remaining 16m 41s
  fold 1: inner 2m 11s | final 1m 02s | best {'max_depth': None, 'min_samples_leaf': 1}
          inner F1 0.8250 | TEST F1 0.8606 | latency 10.285 ms | elapsed 8m 25s, est. remaining 12m 37s
  fold 2: inner 2m 11s | final 1m 01s | best {'max_depth': None, 'min_samples_leaf': 1}
          inner F1 0.8389 | TEST F1 0.8322 | latency 10.197 ms | elapsed 12m 39s, est. remaining 8m 26s
  fold 3: inner 2m 11s | final 1m 01s | best {'max_depth': None, 'min_samples_leaf': 1}
          inner F1 0.8268 | TEST F1 0.8735 | latency 10.306 ms | elapsed 16m 54s, est. remaining 4m 13s
  fold 4: inner 2m 10s | final 1m 01s | best {'max_depth': None, 'min_samples_leaf': 1}
          inner F1 0.8242 | TEST F1 0.8495 | latency 10.153 ms | elapsed 21m 06s, est. remaining 0m 00s
  wrote oof_predictions_rf.csv (75801 rows) and 5 model files
  Random Forest: macro-F1 0.8353 +/- 0.0396  |  total 21m 06s (inner 10m 53s)

==================================================================
XGBoost: 8 configs, 200 inner fits + 5 final
==================================================================
  fold 0: inner 0m 13s | final 0m 04s | best {'learning_rate': 0.1, 'max_depth': 6, 'n_estimators': 500}
          inner F1 0.8484 | TEST F1 0.7967 | latency 0.140 ms | elapsed 0m 19s, est. remaining 1m 15s
  fold 1: inner 0m 13s | final 0m 04s | best {'learning_rate': 0.1, 'max_depth': 6, 'n_estimators': 500}
          inner F1 0.8387 | TEST F1 0.9029 | latency 0.145 ms | elapsed 0m 37s, est. remaining 0m 55s
  fold 2: inner 0m 13s | final 0m 04s | best {'learning_rate': 0.1, 'max_depth': 6, 'n_estimators': 500}
          inner F1 0.8561 | TEST F1 0.8665 | latency 0.147 ms | elapsed 0m 54s, est. remaining 0m 36s
  fold 3: inner 0m 13s | final 0m 04s | best {'learning_rate': 0.1, 'max_depth': 6, 'n_estimators': 500}
          inner F1 0.8459 | TEST F1 0.8905 | latency 0.148 ms | elapsed 1m 12s, est. remaining 0m 18s
  fold 4: inner 0m 13s | final 0m 04s | best {'learning_rate': 0.1, 'max_depth': 6, 'n_estimators': 500}
          inner F1 0.8600 | TEST F1 0.8557 | latency 0.146 ms | elapsed 1m 30s, est. remaining 0m 00s
  wrote oof_predictions_xgb.csv (75801 rows) and 5 model files
  XGBoost: macro-F1 0.8625 +/- 0.0369  |  total 1m 31s (inner 1m 04s)

model             macro-F1     std     acc     ECE   Brier   lat ms   p95 ms        time
----------------------------------------------------------------------------------------
majority            0.2183  0.0007       -       -       -        -        -           -
RBF-SVM             0.8771  0.0248  0.9379  0.0281  0.1108    0.388    0.402      9m 10s
Random Forest       0.8353  0.0396  0.9181  0.0213  0.1249   10.235   10.423     21m 06s
XGBoost             0.8625  0.0369  0.9300  0.0258  0.1091    0.145    0.153      1m 31s
----------------------------------------------------------------------------------------
TOTAL                                                                            31m 47s

Peak memory 2207 MB | host argon01 | commit unknown
Wrote results_classical_full.json and run_ledger.csv

Note: latency here is from this machine. Section 18 requires the figure that goes in the paper to come from the agreed Atlas CPU node type, so re-run there before the results freeze.
=== MLP, with both section 14 demonstrations ===
PROJECT_ENV=atlas
  DATA_DIR     /scratch/gmustafa/se801/zenodo
  WORK_DIR     /scratch/gmustafa/se801/work
  ARTIFACT_DIR /data/gmustafa/se801/artifacts
  device       cuda

Excluded 67 edge segments (75868 -> 75801)

=== Section 14: small-batch overfitting test ===
  32 samples, 10 features, class counts [8, 8, 8, 8]
  final training loss 0.041616 | accuracy 1.0000 | macro-F1 1.0000 | 400 epochs | 3108 parameters
  PASS: the network can overfit a small subset
PROJECT_ENV=atlas
  DATA_DIR     /scratch/gmustafa/se801/zenodo
  WORK_DIR     /scratch/gmustafa/se801/work
  ARTIFACT_DIR /data/gmustafa/se801/artifacts
  device       cuda

Excluded 67 edge segments (75868 -> 75801)

=== Section 14: fixed-seed reproducibility test ===
  train 8000 rows [2000, 2000, 2000, 2000] | val 2000 rows [500, 500, 500, 500]
  run 1: best val macro-F1 0.8105199877, best epoch 24, 25 epochs, predicts 4 distinct classes
  run 2: best val macro-F1 0.8105199877, best epoch 24, 25 epochs, predicts 4 distinct classes
  identical best val macro-F1:            True
  identical per-epoch training loss curve: True
  identical predicted probabilities:       True
  PASS: seed 2026 reproduces exactly on a non-degenerate run
PROJECT_ENV=atlas
  DATA_DIR     /scratch/gmustafa/se801/zenodo
  WORK_DIR     /scratch/gmustafa/se801/work
  ARTIFACT_DIR /data/gmustafa/se801/artifacts
  device       cuda

Excluded 67 edge segments (75868 -> 75801)

==================================================================
MLP: 6 configs, 150 inner runs + 5 final
==================================================================
  fold 0: inner 10.4 min | final 21.2s | best {'lr': 0.001, 'weight_decay': 0.0001} | stopped epoch 33
          inner F1 0.8411 | TEST F1 0.7701 | elapsed 10.8 min
  fold 1: inner 7.9 min | final 9.0s | best {'lr': 0.001, 'weight_decay': 1e-05} | stopped epoch 9
          inner F1 0.8341 | TEST F1 0.8638 | elapsed 18.8 min
  fold 2: inner 10.6 min | final 21.9s | best {'lr': 0.001, 'weight_decay': 0.0001} | stopped epoch 35
          inner F1 0.8498 | TEST F1 0.8273 | elapsed 29.8 min
  fold 3: inner 9.7 min | final 13.9s | best {'lr': 0.001, 'weight_decay': 1e-05} | stopped epoch 18
          inner F1 0.8349 | TEST F1 0.8419 | elapsed 39.8 min
  fold 4: inner 9.6 min | final 23.1s | best {'lr': 0.001, 'weight_decay': 1e-05} | stopped epoch 35
          inner F1 0.8419 | TEST F1 0.8437 | elapsed 49.8 min

  MLP: macro-F1 0.8294 +/- 0.0319 | 3108 parameters | 49.8 min
Wrote results_mlp.json, oof_predictions_mlp.csv, mlp_training_curves.csv
=== clearing scratch ===
=== done, job 2305 at Tue Sep 22 01:14:02 PM PKT 2026 ===
artefacts: /data/gmustafa/se801/artifacts
